BEGIN_base-pair
     2_22, A:    71 C-G   105 B: +/+ cis         XIX
     3_21, A:    72 G-A   104 B: S/H tran        XI
     4_20, A:    73 A-U   103 B: H/W tran        XXIV
     7_17, A:    76 G-G   100 B: W/W tran        III
     8_16, A:    77 U-A    99 B: W/H tran        XXIV
     9_15, A:    78 A-G    98 B: H/S tran        XI
    10_14, A:    79 G-C    97 B: +/+ cis         XIX
    10_14,-
2_22_3_21_4_20_7_17_8_16_9_15_10_14_0, click this line to see above pattern
0_0,---------
END_base-pair
