The backbone torsional angle for nucleic acid 

 
Note: alpha:   O3'(i-1)-P-O5'-C5'
      beta:    P-O5'-C5'-C4'
      gamma:   O5'-C5'-C4'-C3'
      delta:   C5'-C4'-C3'-O3'
      epsilon: C4'-C3'-O3'-P(i+1)
      zeta:    C3'-O3'-P(i+1)-O5'(i+1)

      chi for pyrimidines(Y): O4'-C1'-N1-C2
          chi for purines(R): O4'-C1'-N9-C4

    (The number -9999.99 means that the angle can not be calculated) 

Ch Res  Num    alpha    beta     gamma    delta  epsilon    zeta     chi
A   T    1  -9999.99 -9999.99    60.27   144.84  -111.96   -65.88  -158.88
A   C    2    -71.79   142.29    44.56   127.83   -95.23   158.79   -67.12
A   G    3    -72.90   136.98    46.90   151.67  -111.70   174.76   -74.30
A   G    4    -58.78   137.17    42.14   136.52   170.85   -99.83   -87.95
A   T    5    -73.68  -173.82    57.55   140.90   -94.71  -179.89   -98.07
A   A    6    -71.58   139.53    45.63   138.61   -86.24   -80.93   -97.31
A   C    7    -59.33  -176.90    67.55   149.03  -124.47   -62.31  -156.05
A   C    8    -80.71   169.24    41.63   149.14  -106.77   169.63   -66.83
A   G    9    -59.36   134.69    37.83   151.83  -103.27   167.18   -76.24
A   A   10    -75.09   148.98    44.21   147.23 -9999.99 -9999.99   -86.63
B   T    1  -9999.99 -9999.99    44.97   138.04  -112.18   -68.96  -155.91
B   C    2    -82.21   157.05    44.35   128.82  -101.38   159.52   -72.69
B   G    3    -65.82   137.70    41.60   152.37  -117.02   177.37   -76.56
B   G    4    -69.65   148.15    46.48   140.49   174.51  -103.56   -90.53
B   T    5    -79.27  -174.79    70.20   111.67   173.78   -90.79  -117.25
B   A    6    -78.90  -173.07    68.97   144.41  -157.62   -83.09   -90.18
B   C    7    -96.73    72.74   172.26   150.38  -118.48   -65.36  -154.58
B   C    8    -76.09   155.29    42.42   137.07   -95.26   154.27   -67.26
B   G    9    -68.92   142.39    37.55   157.90   -96.66   168.60   -73.53
B   A   10    -82.38   141.70    56.39   139.74 -9999.99 -9999.99   -88.32
