The backbone torsional angle for nucleic acid 

 
Note: alpha:   O3'(i-1)-P-O5'-C5'
      beta:    P-O5'-C5'-C4'
      gamma:   O5'-C5'-C4'-C3'
      delta:   C5'-C4'-C3'-O3'
      epsilon: C4'-C3'-O3'-P(i+1)
      zeta:    C3'-O3'-P(i+1)-O5'(i+1)

      chi for pyrimidines(Y): O4'-C1'-N1-C2
          chi for purines(R): O4'-C1'-N9-C4

    (The number -9999.99 means that the angle can not be calculated) 

Ch Res  Num    alpha    beta     gamma    delta  epsilon    zeta     chi
A   U    1  -9999.99 -9999.99    47.79    75.44  -160.01   -62.40  -164.35
A   A    2    -67.34   175.29    51.31    82.19  -158.03   -74.76  -164.09
A   G    3    -64.98  -179.54    47.95    73.88  -153.63   -53.35  -160.36
A   C    4    -69.95   178.19    47.41    79.86  -142.60   -75.14  -158.21
A   U    5    -63.47   157.74    61.90    79.08  -154.48   -71.18  -162.32
A   C    6    -72.78   173.52    52.94    78.95  -157.31   -63.42  -161.72
A   C    7    -64.85  -179.81    48.42    82.68 -9999.99 -9999.99  -153.64
B   G    8  -9999.99 -9999.99    62.36    84.76  -150.14   -69.42  -171.52
B   G    9    -71.13   179.71    53.73    79.65  -158.27   -72.45  -166.70
B   G   10    -66.70   172.47    54.39    77.42  -145.11   -72.20  -171.36
B   G   11    -62.34   174.10    51.49    75.27  -152.78   -71.99  -163.01
B   C   12    -65.60   169.71    52.39    77.17  -143.76   -66.90  -165.47
B   U   13    -70.34   171.57    62.30    79.73  -156.00   -69.36  -161.44
B   A   14    -71.43  -173.49    53.24    85.12 -9999.99 -9999.99  -156.14
