The backbone torsional angle for nucleic acid 

 
Note: alpha:   O3'(i-1)-P-O5'-C5'
      beta:    P-O5'-C5'-C4'
      gamma:   O5'-C5'-C4'-C3'
      delta:   C5'-C4'-C3'-O3'
      epsilon: C4'-C3'-O3'-P(i+1)
      zeta:    C3'-O3'-P(i+1)-O5'(i+1)

      chi for pyrimidines(Y): O4'-C1'-N1-C2
          chi for purines(R): O4'-C1'-N9-C4

    (The number -9999.99 means that the angle can not be calculated) 

Ch Res  Num    alpha    beta     gamma    delta  epsilon    zeta     chi
A   C    1  -9999.99 -9999.99    53.28   142.71   -92.81    77.96  -152.26
A   G    2     60.26  -169.24   178.16    90.60  -120.17   -68.92    59.24
A   C    3   -148.07  -121.28    54.49   148.20   -98.35    71.71  -154.39
A   G    4     68.76  -170.23  -179.52    92.36  -177.90    65.61    55.69
A   C    5    167.88   167.12    44.12   142.88   -94.51    73.50  -143.61
A   G    6     75.15  -179.41  -176.34   147.57 -9999.99 -9999.99    77.28
B   C    7  -9999.99 -9999.99    54.17   148.36   -88.03    73.52  -145.07
B   G    8     61.08  -172.52   176.83    92.89  -111.15   -77.48    67.27
B   C    9   -142.64  -132.12    56.30   146.69   -91.58    73.96  -155.30
B   G   10     65.18  -179.52   179.82    98.44  -117.29   -69.23    62.09
B   C   11   -148.91  -122.78    54.88   141.14   -96.78    67.25  -155.96
B   G   12     78.53  -176.31  -175.23   152.82 -9999.99 -9999.99    77.74
