The backbone torsional angle for nucleic acid 

 
Note: alpha:   O3'(i-1)-P-O5'-C5'
      beta:    P-O5'-C5'-C4'
      gamma:   O5'-C5'-C4'-C3'
      delta:   C5'-C4'-C3'-O3'
      epsilon: C4'-C3'-O3'-P(i+1)
      zeta:    C3'-O3'-P(i+1)-O5'(i+1)

      chi for pyrimidines(Y): O4'-C1'-N1-C2
          chi for purines(R): O4'-C1'-N9-C4

    (The number -9999.99 means that the angle can not be calculated) 

Ch Res  Num    alpha    beta     gamma    delta  epsilon    zeta     chi
A   C    1  -9999.99 -9999.99   178.09   137.98  -177.51   -98.78  -109.12
A   A    2    -67.48  -175.81    49.45   138.77  -179.74   -98.75  -108.54
A   C    3    -67.18  -172.01    48.89   135.52  -170.81  -120.72  -107.96
A   G    4    -44.12   167.00    42.87   140.09  -179.91   -93.68  -107.79
A   T    5    -67.88   172.52    53.37    83.58  -148.67   -63.14  -136.90
A   G    6    -68.30  -135.44    57.35   141.16  -143.13  -168.97   -98.47
A   T    7    -56.17   152.28    47.18   139.68   -95.77    77.42  -114.08
A   T    8     65.10   174.32   -51.01   151.41   -93.80    80.87  -140.66
A   G    9     66.53  -179.64  -176.83   145.50  -126.34   -73.66  -120.84
A   T   10    -87.87  -159.19   -76.16   151.81  -119.21   -92.87  -150.80
A   C   11   -147.53  -167.13    45.79   140.35  -156.63   -84.93  -118.33
A   T   12    -58.98   179.44    56.39   140.90  -143.07  -171.16  -125.67
A   C   13    -59.31   146.31    46.19   137.51  -168.86  -122.79  -109.03
A   T   14     53.86  -179.53  -179.89   153.70  -116.95   -57.67  -129.39
A   C   15    -59.67  -163.58    51.76   140.24  -101.05   151.20  -115.81
A   T   16    -71.98  -170.01    46.69   139.87   -96.08    74.64  -132.73
A   G   17     74.98   177.48  -172.50   139.81  -169.38   -98.36  -106.28
A   T   18    -64.07  -169.85    49.33   140.24  -142.33  -167.40  -120.54
A   G   19    -52.88   143.88    47.84   141.44  -165.55  -123.14  -105.28
A   T   20     61.93  -177.59  -178.06   157.00  -135.72   -69.77  -147.09
A   C   21    -61.37   178.18    59.79   140.07  -142.89  -178.15  -117.57
A   T   22    -60.00  -172.40    38.45   137.31  -175.75   -99.98  -128.46
A   C   23    -67.14  -170.52    48.41   138.82  -177.35  -106.03  -108.25
A   G   24    -56.51   179.44    46.48   138.43  -179.96  -100.87  -108.55
A   T   25    -65.97  -172.14    48.56   133.83  -175.50  -100.25  -109.07
A   G   26    -68.75  -171.73    48.47   139.87 -9999.99 -9999.99   -98.42
