The backbone torsional angle for nucleic acid 

 
Note: alpha:   O3'(i-1)-P-O5'-C5'
      beta:    P-O5'-C5'-C4'
      gamma:   O5'-C5'-C4'-C3'
      delta:   C5'-C4'-C3'-O3'
      epsilon: C4'-C3'-O3'-P(i+1)
      zeta:    C3'-O3'-P(i+1)-O5'(i+1)

      chi for pyrimidines(Y): O4'-C1'-N1-C2
          chi for purines(R): O4'-C1'-N9-C4

    (The number -9999.99 means that the angle can not be calculated) 

Ch Res  Num    alpha    beta     gamma    delta  epsilon    zeta     chi
A   C  948  -9999.99 -9999.99 -9999.99    81.73  -147.90   -83.66  -163.34
A   A  949    -60.55   175.21    46.46    81.97  -141.47   -69.68  -167.81
A   U  950    -65.24   166.85    57.63    80.23  -151.40   -82.11  -161.08
A   G  951    -73.49  -178.05    51.19    82.35  -161.91   -63.94  -157.00
A   U  952    -62.27   175.40    56.73    81.56  -157.90   -76.03  -163.62
A   G  953    -68.96  -174.72    57.32    84.29  -145.37   -61.05  -165.76
A   G  954    -59.08   166.34    54.90    84.16  -145.60   -72.83  -167.76
A   U  955    -61.59   162.78    56.63    85.77  -152.27   -67.03  -174.98
A   U  956    -68.14   173.00    58.11    81.96  -149.23   -70.61  -155.69
A   U  957    -64.28   167.95    58.39    82.61  -139.21   -59.82  -151.20
A   A  958    179.02   148.75    42.91    87.62  -125.27   -85.62  -172.45
A   A  959    -60.92   157.86    53.16    84.96  -101.62   -82.77  -127.70
A   U  960     41.86   -99.20   -82.76   132.52    57.03  -129.58    84.51
A   U  961     73.78   178.46    64.00    84.24  -156.25   -52.40  -169.17
A   C  962    -64.01  -178.04    51.90    75.08  -151.04   -76.39  -169.56
A   G  963    -63.12   165.86    62.80    84.30  -154.21   -59.64  -176.97
A   A  964    -66.96  -171.72    52.78    84.52  -124.91   -75.64  -169.90
A   A  965    -80.78  -141.66    45.58   125.75    81.57   -67.83  -121.36
A   G  966    142.46   121.68    45.83    79.27  -144.27   -78.08  -173.96
A   C  967    -60.79   161.19    58.85    84.68  -145.62    34.01  -164.51
A   A  968    154.78   160.70    60.53   145.66   -92.90   -46.41  -138.79
A   A  969    -77.65   -99.56   -64.52    83.51  -149.74   -59.89  -160.65
A   C  970    -63.38  -178.04    57.15    81.97  -130.50  -160.45  -152.23
A   G  971    -53.47  -126.56    39.50   136.16  -116.83    87.07   -76.62
A   C  972    -69.35  -136.19   -76.46    80.63  -142.70   -84.15  -166.80
A   G  973    -68.12  -167.13    49.71    86.12   179.85   102.04  -148.93
A   A  974    -43.22  -122.91   177.12   146.07  -112.82   133.88  -160.95
A   A  975   -138.22   130.50   -65.12   104.14    50.74   -82.22  -118.79
A   G  976    -37.19  -158.76    55.75   128.98  -125.64   170.17   -94.14
A   A  977     67.16   108.17   170.88    88.51  -168.30   -75.27   105.77
A   A  978     85.48   145.42    56.85    87.12  -124.23   -64.74  -142.14
A   C  979    -52.07  -168.50    37.83    77.96  -125.36   -43.66  -168.52
A   C  980    -69.19   169.16    66.55    80.56  -124.02   -57.05  -162.72
A   U  981    -67.66   160.56    57.93    85.90 -9999.99 -9999.99  -163.12
