BEGIN_base-pair

0, click this line to see above pattern
0_0,---------
END_base-pair
