The backbone torsional angle for nucleic acid 

 
Note: alpha:   O3'(i-1)-P-O5'-C5'
      beta:    P-O5'-C5'-C4'
      gamma:   O5'-C5'-C4'-C3'
      delta:   C5'-C4'-C3'-O3'
      epsilon: C4'-C3'-O3'-P(i+1)
      zeta:    C3'-O3'-P(i+1)-O5'(i+1)

      chi for pyrimidines(Y): O4'-C1'-N1-C2
          chi for purines(R): O4'-C1'-N9-C4

    (The number -9999.99 means that the angle can not be calculated) 

Ch Res  Num    alpha    beta     gamma    delta  epsilon    zeta     chi
C   U    1  -9999.99 -9999.99    57.33    76.87  -154.22   -64.12  -166.33
C   A    2    -69.41   175.30    57.43    73.22  -152.47   -52.02  -162.19
C   G    3    -93.94   177.51    73.60    80.79  -158.00   -73.76  -163.13
C   C    4    -65.46   176.41    48.65    75.78  -155.72   -65.84  -161.63
C   U    5    -56.87   172.07    46.96    82.75  -161.71   -72.16  -163.48
C   C    6    -73.95  -178.77    53.07    82.86  -146.29   -74.84  -158.12
C   C    7    -64.80   173.61    52.44    78.13 -9999.99 -9999.99  -152.16
D   G    8  -9999.99 -9999.99    48.15    80.80  -152.26   -71.73  -171.41
D   G    9    -66.63   165.61    49.11    71.53  -156.58   -63.87  -167.85
D   G   10    -69.28  -175.97    45.28    71.32  -149.60   -66.84  -165.87
D   G   11    -64.45   170.89    59.17    73.23  -158.65   -63.05  -162.64
D   C   12    -66.76   167.57    62.41    78.19  -154.00   -70.21  -160.44
D   U   13    -73.59   179.95    51.64    75.82  -153.79   -66.55  -156.77
D   A   14    -67.94   172.89    56.10    75.95 -9999.99 -9999.99  -156.13
