The backbone torsional angle for nucleic acid 

 
Note: alpha:   O3'(i-1)-P-O5'-C5'
      beta:    P-O5'-C5'-C4'
      gamma:   O5'-C5'-C4'-C3'
      delta:   C5'-C4'-C3'-O3'
      epsilon: C4'-C3'-O3'-P(i+1)
      zeta:    C3'-O3'-P(i+1)-O5'(i+1)

      chi for pyrimidines(Y): O4'-C1'-N1-C2
          chi for purines(R): O4'-C1'-N9-C4

    (The number -9999.99 means that the angle can not be calculated) 

Ch Res  Num    alpha    beta     gamma    delta  epsilon    zeta     chi
A   G    1  -9999.99  -128.05    67.79    82.86  -155.57   -68.62  -167.79
A   C    2    -67.45  -178.39    53.83    83.38  -145.15   -76.79  -163.82
A   G    3    -74.46   169.69    59.48    80.73  -148.28   -80.03  -161.89
A   G    4    -64.44   162.19    60.72    82.16  -157.37   -68.66  -168.67
A   A    5    -74.75  -176.47    53.36    84.94  -137.46   -81.72  -162.86
A   U    6    -48.82   157.57    55.31    81.26  -151.00   -77.01  -160.03
A   U    7    -59.50  -178.72    62.51   137.26  -105.93   -51.96  -133.08
A   U    8    -83.82  -145.65    55.42    78.64  -142.80  -118.58  -161.53
A   A    9    -69.71  -141.75    52.26   147.77  -106.21   -77.26   -70.50
A 2MG   10    177.81   147.20    60.07    89.32  -126.20   -88.74   169.60
A   C   11    -56.14   167.91    48.16    87.21  -150.47   -69.89  -160.91
A   U   12    -67.80   172.87    51.82    80.66  -158.53   -65.17  -158.25
A   C   13    166.57  -169.89   178.57    82.51  -153.13   -97.39  -168.33
A   A   14     83.35  -158.28  -114.59    92.04  -125.52   -57.25  -170.74
A   G   15    -55.06   162.46    51.89    79.83  -136.30  -143.95  -164.51
A H2U   16     -6.13    91.18    76.84    96.83   -61.80  -131.18   -85.76
A H2U   17     27.79   107.74   174.11    94.75   177.96    76.19  -142.49
A   G   18     45.38  -159.44    59.04   150.60   -95.23  -179.09   -99.54
A   G   19    -71.42  -178.86    53.82   153.80   -91.62   -83.73   -80.33
A   G   20    -81.33  -150.74    47.76    89.94  -122.27   -54.10   177.78
A   A   21    -75.55   148.57  -176.60    78.23  -168.94   -75.55  -160.21
A   G   22    158.77   153.49   179.25    82.00  -144.97   -80.44  -175.51
A   A   23    -53.31   174.76    52.48    82.30  -155.35   -66.44  -158.03
A   G   24    -68.77   178.23    46.82    83.60  -144.25   -72.82  -160.68
A   C   25    -65.09   168.87    53.88    83.25  -145.09   -68.36  -160.26
A M2G   26    -53.81   170.84    47.75    85.97  -136.28   -76.88  -163.38
A   C   27    -52.97   166.85    43.62    83.43  -148.54   -73.43  -168.19
A   C   28    -72.44   178.33    49.31    80.11  -152.10   -66.99  -160.62
A   A   29    -66.55   173.96    55.56    81.36  -155.52   -78.26  -165.87
A   G   30    -53.97   165.93    56.93    83.56  -144.72   -62.27  -171.75
A   A   31    -69.95   177.77    52.31    83.75  -136.98   -75.53  -156.70
A OMC   32    -52.71   161.38    49.25    80.10  -145.94   -71.17  -149.86
A   U   33    -67.69  -177.01    47.00    82.12  -148.00   -53.69  -148.17
A OMG   34    171.11   148.15    52.55    83.45  -132.52   -71.83  -171.23
A   A   35    -47.66   163.71    40.21    80.88  -143.67   -59.50  -154.39
A   A   36    -52.43   165.69    51.26    72.22  -160.37   -85.21  -158.40
A  YG   37    -57.54   162.97    47.83    81.13  -148.15   -67.05  -168.84
A   A   38    -61.81  -179.98    46.93    82.46  -136.77   -76.36  -169.36
A PSU   39    -47.73   160.38    53.32    79.26  -140.09   -68.55 -9999.99
A 5MC   40    -67.37   172.00    56.20    83.21  -154.22   -74.90  -162.55
A   U   41    -68.23  -179.37    52.44    78.87  -137.30   -84.71  -169.03
A   G   42    -47.87   158.67    55.60    79.76  -160.33   -70.30  -169.01
A   G   43    -67.01  -178.30    55.60    81.59  -154.87   -76.39  -160.25
A   A   44    -59.69   162.13    60.04    85.31  -142.83   -57.17  -159.43
A   G   45    -71.93  -176.93    50.98    87.55  -135.10   -78.65  -149.30
A 7MG   46    -56.77  -146.51    48.40   141.60  -102.65  -137.86   -65.79
A   U   47     62.40  -164.01    44.36   146.14   -93.66   -78.04  -111.99
A   C   48    -73.48  -174.26   161.50   145.55  -143.54    75.59  -140.13
A 5MC   49     50.69   168.49    42.17    84.34  -145.03   -82.06  -173.64
A   U   50    -51.65   177.22    42.08    80.39  -150.60   -67.79  -165.26
A   G   51    -63.91   176.81    52.81    79.43  -150.41   -71.32  -156.61
A   U   52    -64.69   173.64    48.54    80.29  -156.46   -69.42  -164.05
A   G   53    -56.87   171.46    56.15    83.91  -159.39   -64.87  -169.24
A 5MU   54    -79.67  -172.77    57.67    77.65  -128.58   -70.75  -161.49
A PSU   55    -49.74   168.80    44.05    76.60  -140.78   -69.88 -9999.99
A   C   56    166.42   171.80    53.31    83.40  -132.71   -70.65  -161.46
A   G   57    -65.66   167.07    57.46    81.66  -145.23   -67.60  -159.31
A 1MA   58    -60.81  -146.10    71.76   156.67   -78.28  -169.33   -86.32
A   U   59     72.62  -158.84    63.68    84.57  -148.82   -53.72  -165.60
A   C   60    -72.16   179.45    66.02   148.30   -97.07   -66.36  -117.76
A   C   61    -84.29   179.83    38.24    82.96  -152.34   -74.50  -166.67
A   A   62    -60.07   179.64    46.85    80.53  -145.62   -74.14  -158.65
A   C   63    -62.02   167.26    50.95    80.72  -152.33   -70.72  -152.59
A   A   64    -66.85   179.98    44.05    75.81  -147.48   -76.52  -161.80
A   G   65    -43.96   164.23    49.88    79.75  -152.03   -73.33  -172.78
A   A   66    -57.89   178.54    52.05    81.72  -150.97   -73.55  -164.91
A   A   67    -61.95   164.10    54.24    83.20  -152.19   -78.34  -162.83
A   U   68    -59.85   175.34    47.28    82.19  -152.94   -65.39  -160.13
A   U   69    -63.75   168.08    55.09    79.12  -155.37   -85.64  -161.44
A   C   70    -61.65   164.64    53.12    78.97  -158.52   -64.50  -151.99
A   G   71    -78.36   173.62    60.31    80.28  -149.55   -68.41  -162.82
A   C   72    -73.18   176.24    62.08    82.99  -152.34   -67.88  -161.61
A   A   73    -63.30   177.66    50.40    81.56  -148.16   -66.15  -167.44
A   C   74    -66.88  -174.93    50.69    85.87  -145.00   -58.84  -153.07
A   C   75    -52.33   175.67    42.30    85.56  -131.94   163.90  -151.67
A   A   76    -70.95   130.18   164.64   160.91 -9999.99 -9999.99   138.47
