PDB data file name: test/pdb/tr0001/tr0001.pdb_new
uncommon residue 2MG   10  on chain A [#10] assigned to: g
uncommon residue H2U   16  on chain A [#16] assigned to: u
uncommon residue H2U   17  on chain A [#17] assigned to: u
uncommon residue M2G   26  on chain A [#26] assigned to: g
uncommon residue OMC   32  on chain A [#32] assigned to: c
uncommon residue OMG   34  on chain A [#34] assigned to: g
uncommon residue  YG   37  on chain A [#37] assigned to: g
uncommon residue PSU   39  on chain A [#39] assigned to: P
uncommon residue 5MC   40  on chain A [#40] assigned to: c
uncommon residue 7MG   46  on chain A [#46] assigned to: g
uncommon residue 5MC   49  on chain A [#49] assigned to: c
uncommon residue 5MU   54  on chain A [#54] assigned to: u
uncommon residue PSU   55  on chain A [#55] assigned to: P
uncommon residue 1MA   58  on chain A [#58] assigned to: a
-----------------------------------------------------------
CRITERIA USED TO GENERATE BASE-PAIR: 
  3.40 --> upper H-bond length limits (ON..ON).
 26.00 --> max. distance between paired base origins.
  2.50 --> max. vertical distance between paired base origins.
 65.00 --> max. angle between paired bases [0-90].
  5.40 --> min. distance between RN9/YN1 atoms.
  8.00 --> max. distance criterion for helix break[0-12]
-----------------------------------------------------------
BASE-PAIR INSTRUCTIONS: 
Column 1 is rnaview assigned base numbers n1_n2, start from 1.
Column 2 & 3 are chain ID & residue number in input PDB file.
Column 4 is for base pair. The left & right are the bases as 
         identified by column 2 & 3 and 5 & 6.
Column 5 & 6 are residue number & chain ID in input PDB file.
Column 7 is for base pair annotation. The standard Watson-Crick
         (W.C.) pairs are annotated as -/- (AU,AT) or +/+ (GC).
         Other pairs are annotated as Leontis_Westhof Classification.
         The three edges: W(Watson-Crick); H(Hoogsteen); S(suger).
         e.g. W/H means the pair is edge of Watson-Crick & Hoogsteen.
Column 8 is glycosidic bond orientation (either cis or trans).
         e.g. 'W/H cis' means the pair is interaction on Watson-Crick
         and Hoogsteen side, glycosidic bond orientation is 'cis'.
Column 9 corresponds to Saenger Classification.

Other columns: 
        Syn sugar-base conformations are annotated as (syn).
        Stacked base pairs are annotated as (stack).
        Non-identified edges are annotated as (.) or (?)
        Tertiary interactions are marked by (!) in the line.
Reference:
Yang et al (2003) Nucleic Acids Research, Vol31,No13,p3450-3461.
-----------------------------------------------------------
BEGIN_base-pair
     5_68, A:     5 A-U    68 A: -/- cis         XX
    29_41, A:    29 A-U    41 A: -/- cis         XX
     2_71, A:     2 C-G    71 A: +/+ cis         XIX
    11_24, A:    11 C-G    24 A: +/+ cis         XIX
    13_22, A:    13 C-G    22 A: +/+ cis         XIX
    27_43, A:    27 C-G    43 A: +/+ cis         XIX
    28_42, A:    28 C-G    42 A: +/+ cis         XIX
     1_72, A:     1 G-C    72 A: +/+ cis         XIX
     3_70, A:     3 G-C    70 A: +/+ cis         XIX
    19_56, A:    19 G-C    56 A: +/+ cis    syn    XIX
    51_63, A:    51 G-C    63 A: +/+ cis         XIX
    53_61, A:    53 G-C    61 A: +/+ cis         XIX
     6_67, A:     6 U-A    67 A: -/- cis         XX
     7_66, A:     7 U-A    66 A: -/- cis         XX
    12_23, A:    12 U-A    23 A: -/- cis         XX
    50_64, A:    50 U-A    64 A: -/- cis         XX
    52_62, A:    52 U-A    62 A: -/- cis         XX
     4_69, A:     4 G-U    69 A: W/W cis         XXVIII
    15_48, A:    15 G-C    48 A: W/W tran        XXII
     8_14, A:     8 U-A    14 A: W/H tran        XXIV
     9_23, A:     9 A-A    23 A: H/H tran   syn    II
END_base-pair

Summary of triplets and higher multiplets
BEGIN_multiplets
9_12_23_| [1 3]  A: 9 A  +  A: 12 U  +  A: 23 A
13_22_46_| [2 3]  A: 13 C  +  A: 22 G  +  A: 46 g
END_multiplets

  The total base pairs =  30 (from   76 bases)
------------------------------------------------
 Standard  WW--cis  WW-tran  HH--cis  HH-tran  SS--cis  SS-tran
       20        3        1        0        1        0        0
  WH--cis  WH-tran  WS--cis  WS-tran  HS--cis  HS-tran
        0        3        0        2        0        0
------------------------------------------------
