PDB data file name: tr0001.pdb.out
BEGIN_base-pair
END_base-pair
  The total base pairs =   0 (from    0 bases)
