The backbone torsional angle for nucleic acid 

 
Note: alpha:   O3'(i-1)-P-O5'-C5'
      beta:    P-O5'-C5'-C4'
      gamma:   O5'-C5'-C4'-C3'
      delta:   C5'-C4'-C3'-O3'
      epsilon: C4'-C3'-O3'-P(i+1)
      zeta:    C3'-O3'-P(i+1)-O5'(i+1)

      chi for pyrimidines(Y): O4'-C1'-N1-C2
          chi for purines(R): O4'-C1'-N9-C4

    (The number -9999.99 means that the angle can not be calculated) 

Ch Res  Num    alpha    beta     gamma    delta  epsilon    zeta     chi
A   C   70  -9999.99 -9999.99    58.60    82.75  -151.15   -71.73  -175.15
A   C   71    -64.00   175.70    55.03    81.50  -145.41   -57.86  -169.26
A   G   72    -63.34   175.53    47.24    84.94  -147.43   -86.27  -157.82
A   A   73   -105.94    79.59   161.19    85.07  -116.48   -62.52   175.47
A   U   74    -63.63   169.04    45.39    79.30  -147.21   -66.00  -162.43
A   G   75    -63.57   173.16    54.15    81.45  -145.28   -66.98  -168.25
A   G   76    -64.24   171.09    54.05    75.08  -145.44   -69.83  -166.89
A   U   77    -54.22   166.51    52.16    79.40  -155.64   -73.56  -164.27
A   A   78    -63.74   178.11    55.49    78.62  -142.32   -56.93  -168.44
A   G   79    -70.09   171.09    57.46    80.12  -153.21   -61.99  -167.30
A   U   80    -67.31   172.50    59.54    85.16  -158.84   -87.15  -166.98
A   G   81    -70.69   174.22    62.72    71.65 -9999.99 -9999.99  -167.30
B   G   96  -9999.99 -9999.99    56.43    81.17  -147.92   -64.75  -174.09
B   C   97    -65.92   175.57    56.68    83.07  -143.75   -55.57  -168.01
B   G   98    -70.88   172.03    56.06    78.58  -150.37   -84.58  -164.17
B   A   99   -101.42    81.89   168.96    86.10  -127.61   -60.53   177.08
B   G  100    -72.95   177.18    46.42    79.26  -138.44   -63.89  -162.86
B   A  101    -63.30   165.58    52.79    80.52  -145.23   -65.34  -166.07
B   G  102    -65.62   167.82    59.15    82.96  -149.76   -74.54  -171.24
B   U  103    -63.06   175.50    53.18    78.60  -150.77   -79.27  -164.79
B   A  104    -60.69   173.22    56.66    79.04  -137.48   -58.81  -165.82
B   G  105    -59.48   166.86    47.43    84.39  -155.02   -74.56  -170.52
B   G  106    -61.56   171.78    57.83    76.70  -155.63   -73.89  -168.94
B   C  107    -63.72   175.72    57.32    76.75 -9999.99 -9999.99  -163.61
