PDB data file name: test/mmcif/other/6pom/6pom.cif
-----------------------------------------------------------
CRITERIA USED TO GENERATE BASE-PAIR: 
  3.40 --> upper H-bond length limits (ON..ON).
 26.00 --> max. distance between paired base origins.
  2.50 --> max. vertical distance between paired base origins.
 65.00 --> max. angle between paired bases [0-90].
  5.40 --> min. distance between RN9/YN1 atoms.
  8.00 --> max. distance criterion for helix break[0-12]
-----------------------------------------------------------
BASE-PAIR INSTRUCTIONS: 
Column 1 is rnaview assigned base numbers n1_n2, start from 1.
Column 2 & 3 are chain ID & residue number in input PDB file.
Column 4 is for base pair. The left & right are the bases as 
         identified by column 2 & 3 and 5 & 6.
Column 5 & 6 are residue number & chain ID in input PDB file.
Column 7 is for base pair annotation. The standard Watson-Crick
         (W.C.) pairs are annotated as -/- (AU,AT) or +/+ (GC).
         Other pairs are annotated as Leontis_Westhof Classification.
         The three edges: W(Watson-Crick); H(Hoogsteen); S(suger).
         e.g. W/H means the pair is edge of Watson-Crick & Hoogsteen.
Column 8 is glycosidic bond orientation (either cis or trans).
         e.g. 'W/H cis' means the pair is interaction on Watson-Crick
         and Hoogsteen side, glycosidic bond orientation is 'cis'.
Column 9 corresponds to Saenger Classification.

Other columns: 
        Syn sugar-base conformations are annotated as (syn).
        Stacked base pairs are annotated as (stack).
        Non-identified edges are annotated as (.) or (?)
        Tertiary interactions are marked by (!) in the line.
Reference:
Yang et al (2003) Nucleic Acids Research, Vol31,No13,p3450-3461.
-----------------------------------------------------------
BEGIN_base-pair
     2_99, A:     2 U-A   100 A: -/- cis         XX
     3_98, A:     3 U-A    99 A: -/- cis         XX
     4_97, A:     4 G-C    98 A: +/+ cis         XIX
     5_96, A:     5 C-G    97 A: +/+ cis         XIX
      6_7, A:     6 A-G     7 A: S/S cis      syn  n/a
     9_95, A:     9 G-A    96 A: S/H tran        XI
    10_94, A:    10 A-G    95 A: H/S tran        XI
    11_93, A:    11 G-U    94 A: W/W cis         XXVIII
    12_92, A:    12 A-U    93 A: -/- cis         XX
    12_93, A:    12 A-U    94 A:      stacked
    13_91, A:    13 G-C    92 A: +/+ cis         XIX
    13_92, A:    13 G-U    93 A:      stacked
    14_90, A:    14 A-U    91 A: -/- cis         XX
    14_91, A:    14 A-C    92 A:      stacked
    15_16, A:    15 A-A    16 A:      stacked
    15_89, A:    15 A-U    90 A: -/- cis         XX
    15_90, A:    15 A-U    91 A:      stacked
    17_88, A:    17 G-A    89 A: H/W cis    syn    IX
    21_82, A:    21 U-A    83 A: W/H tran        XXIV
    22_81, A:    22 A-G    82 A: H/S tran        XI
    23_80, A:    23 C-C    81 A: W/W cis         n/a
    24_79, A:    24 U-A    80 A: -/- cis         XX
    25_78, A:    25 U-A    79 A: -/- cis         XX
    26_77, A:    26 G-C    78 A: +/+ cis         XIX
    27_76, A:    27 C-G    77 A: +/+ cis         XIX
    28_75, A:    28 G-C    76 A: +/+ cis         XIX
    29_31, A:    29 U-A    31 A: S/H tran     syn  n/a
    30_72, A:    30 U-A    72 A: W/H tran        XXIV
    33_73, A:    33 C-G    73 A: +/+ cis         XIX
    34_72, A:    34 U-A    72 A: -/- cis         XX
    35_71, A:    35 C-G    71 A: +/+ cis         XIX
    36_70, A:    36 A-U    70 A: -/- cis         XX
    37_69, A:    37 U-A    69 A: -/- cis         XX
    42_61, A:    42 G-A    61 A: S/W tran        X
    43_62, A:    43 C-G    62 A: +/+ cis      syn  XIX
    45_58, A:    45 A-G    58 A: W/S tran        X
    46_68, A:    46 C-G    68 A: +/+ cis         XIX
    47_67, A:    47 C-G    67 A: +/+ cis         XIX
    48_66, A:    48 U-A    66 A: -/- cis         XX
    49_65, A:    49 U-A    65 A: -/- cis         XX
    50_64, A:    50 A-U    64 A: -/- cis         XX
    51_63, A:    51 G-C    63 A: +/+ cis         XIX
    57_61, A:    57 U-A    61 A: W/H tran        XXIV
    82_83, A:    83 A-A    84 A:      stacked
    83_84, A:    84 A-A    85 A:      stacked
   85_190, A:    86 G-C    35 B: +/+ cis         XIX
   86_189, A:    87 G-C    34 B: +/+ cis         XIX
   87_188, A:    88 C-G    33 B: +/+ cis         XIX
   87_189, A:    88 C-C    34 B:      stacked
  108_138, A:   112 A-C   148 A: H/W cis    syn    n/a
  110_123, A:   114 G-C   133 A: +/+ cis         XIX
  111_122, A:   115 C-G   132 A: +/+ cis         XIX
  112_121, A:   116 U-A   131 A: -/- cis         XX
  113_120, A:   117 G-C   130 A: +/+ cis         XIX
  114_119, A:   118 G-U   129 A: W/W cis         XXVIII
  115_118, A:   119 G-C   128 A: +/+ cis         XIX
  116_117, A:   120 A-U   127 A: W/W cis         n/a
  127_128, A:   137 U-A   138 A:      stacked
  127_155, A:   137 U-A   169 A:      stacked
  128_154, A:   138 A-U   168 A: W/W cis         n/a
  129_154, A:   139 G-U   168 A: W/W cis         XXVIII
  130_152, A:   140 G-C   166 A: +/+ cis         XIX
  130_153, A:   140 G-C   167 A: W/W cis         n/a
  131_151, A:   141 G-C   165 A: +/+ cis         XIX
  131_152, A:   141 G-C   166 A:      stacked
  132_230, A:   142 U-A    75 B: -/- cis         XX
  133_229, A:   143 G-C    74 B: +/+ cis         XIX
  134_228, A:   144 G-C    73 B: +/+ cis         XIX
  135_227, A:   145 A-U    72 B: -/- cis         XX
  139_150, A:   149 G-U   164 A: W/W cis         XXVIII
  140_149, A:   150 C-G   163 A: +/+ cis         XIX
  141_148, A:   151 G-C   162 A: +/+ cis         XIX
  142_147, A:   152 G-U   161 A: W/W cis         XXVIII
  143_146, A:   153 G-C   160 A: +/+ cis         XIX
  144_145, A:   154 A-U   159 A: -/- cis         XX
  152_153, A:   166 C-C   167 A:      stacked
  156_226, B:     1 G-C    71 B: +/+ cis         XIX
  157_225, B:     2 C-G    70 B: +/+ cis         XIX
  158_224, B:     3 G-C    69 B: +/+ cis         XIX
  159_223, B:     4 G-C    68 B: +/+ cis         XIX
  160_222, B:     5 A-U    67 B: -/- cis         XX
  161_221, B:     6 A-U    66 B: -/- cis         XX
  162_220, B:     7 G-C    65 B: +/+ cis         XIX
  163_169, B:     8 U-A    14 B: W/H tran        XXIV
  165_179, B:    10 G-C    24 B: +/+ cis         XIX
  165_199, B:    10 G-G    44 B: H/S cis         n/a
  166_178, B:    11 U-A    23 B: -/- cis         XX
  167_177, B:    12 U-A    22 B: -/- cis         XX
  168_176, B:    13 C-G    21 B: +/+ cis         XIX
  170_202, B:    15 G-C    47 B: W/W tran        XXII
  173_210, B:    18 G-C    55 B: W/W cis         n/a
  176_200, B:    21 G-G    45 B: H/W tran     syn  VII
  180_198, B:    25 A-G    43 B: W/W cis         VIII
  181_197, B:    26 C-G    42 B: +/+ cis         XIX
  182_196, B:    27 C-G    41 B: +/+ cis         XIX
  183_195, B:    28 A-U    40 B: -/- cis         XX
  184_194, B:    29 C-G    39 B: +/+ cis         XIX
  185_193, B:    30 C-G    38 B: +/+ cis         XIX
  203_219, B:    48 G-U    64 B: W/W cis         XXVIII
  204_218, B:    49 C-G    63 B: +/+ cis         XIX
  205_217, B:    50 G-C    62 B: +/+ cis         XIX
  206_216, B:    51 G-C    61 B: +/+ cis         XIX
  206_217, B:    51 G-C    62 B:      stacked
  207_215, B:    52 G-C    60 B: +/+ cis         XIX
  207_216, B:    52 G-C    61 B:      stacked
  208_212, B:    53 U-A    57 B: W/H tran        XXIV
    32_74, A:    32 C-A    75 A: W/S cis         !1H(b_b).
  180_199, B:    25 A-G    44 B: W/W cis         !1H(b_b).
  187_191, B:    32 U-A    36 B: W/W tran        !1H(b_b)
    41_57, A:    41 A-U    57 A: S/s cis         !(b_s)
    42_57, A:    42 G-U    57 A: S/S cis         !(b_s)
  106_132, A:   110 A-U   142 A: H/S tran        !(b_s)
  107_230, A:   111 G-A    75 B: ?/S cis         !(b_s)
  110_139, A:   114 G-G   149 A: S/. cis         !(b_s)
  134_136, A:   144 G-A   146 A: S/H tran     syn  !(b_s)
    19_83, A:    19 A-A    84 A: H/H tran   syn    !(s_s)
    20_21, A:    20 G-U    21 A: S/H cis         !(s_s)
    20_82, A:    20 G-A    83 A: W/. tran        !(s_s)
    31_32, A:    31 A-C    32 A: S/H cis    syn    !(s_s)
  106_230, A:   110 A-A    75 B: S/S cis         !(s_s)
  111_150, A:   115 C-U   164 A: S/S cis         !(s_s)
  126_148, A:   136 C-C   162 A: ?/S cis         !(s_s)
  173_174, B:    18 G-U    19 B: S/. cis         !(s_s)
  174_175, B:    19 U-A    20 B: S/? cis         !(s_s)
  175_176, B:    20 A-G    21 B: S/H cis         !(s_s)
END_base-pair

Summary of triplets and higher multiplets
BEGIN_multiplets
30_34_72_| [1 3]  A: 30 U  +  A: 34 U  +  A: 72 A
42_57_61_| [2 3]  A: 42 G  +  A: 57 U  +  A: 61 A
168_176_200_| [3 3]  B: 13 C  +  B: 21 G  +  B: 45 G
END_multiplets

  The total base pairs =  92 (from  230 bases)
------------------------------------------------
 Standard  WW--cis  WW-tran  HH--cis  HH-tran  SS--cis  SS-tran
       63       12        1        0        0        1        0
  WH--cis  WH-tran  WS--cis  WS-tran  HS--cis  HS-tran
        2        6        0        2        1        4
------------------------------------------------
