BEGIN_base-pair
  168_176, B:    13 C-G    21 B: +/+ cis         XIX
  170_202, B:    15 G-C    47 B: W/W tran        XXII
  173_210, B:    18 G-C    55 B: W/W cis         n/a
  176_200, B:    21 G-G    45 B: H/W tran     syn  VII
  180_198, B:    25 A-G    43 B: W/W cis         VIII
  181_197, B:    26 C-G    42 B: +/+ cis         XIX
  181_197,-
168_176_170_202_173_210_176_200_180_198_181_197_0, click this line to see above pattern
0_0,---------
  115_118, A:   132 G-C   141 A: +/+ cis         XIX
  116_117, A:   133 A-U   140 A: W/W cis         n/a
  128_154, A:   151 A-U   181 A: W/W cis         n/a
  129_154, A:   152 G-U   181 A: W/W cis         XXVIII
  130_152, A:   153 G-C   179 A: +/+ cis         XIX
  130_152,-
115_118_116_117_128_154_129_154_130_152_0, click this line to see above pattern
0_0,---------
    28_75, A:    40 G-C    89 A: +/+ cis         XIX
    29_31, A:    41 U-A    44 A: S/H tran     syn  n/a
    30_72, A:    42 U-A    85 A: W/H tran        XXIV
    33_73, A:    46 C-G    86 A: +/+ cis         XIX
    33_73,-
28_75_29_31_30_72_33_73_0, click this line to see above pattern
0_0,---------
     5_96, A:    17 C-G   110 A: +/+ cis         XIX
      6_7, A:    18 A-G    19 A: S/S cis      syn  n/a
     9_95, A:    21 G-A   109 A: S/H tran        XI
    10_94, A:    22 A-G   108 A: H/S tran        XI
    11_93, A:    23 G-U   107 A: W/W cis         XXVIII
    12_92, A:    24 A-U   106 A: -/- cis         XX
    12_92,-
5_96_6_7_9_95_10_94_11_93_12_92_0, click this line to see above pattern
0_0,---------
    15_89, A:    27 A-U   103 A: -/- cis         XX
    17_88, A:    29 G-A   102 A: H/W cis    syn    IX
    21_82, A:    33 U-A    96 A: W/H tran        XXIV
    22_81, A:    34 A-G    95 A: H/S tran        XI
    23_80, A:    35 C-C    94 A: W/W cis         n/a
    24_79, A:    36 U-A    93 A: -/- cis         XX
    24_79,-
15_89_17_88_21_82_22_81_23_80_24_79_0, click this line to see above pattern
0_0,---------
END_base-pair
