The backbone torsional angle for nucleic acid 

 
Note: alpha:   O3'(i-1)-P-O5'-C5'
      beta:    P-O5'-C5'-C4'
      gamma:   O5'-C5'-C4'-C3'
      delta:   C5'-C4'-C3'-O3'
      epsilon: C4'-C3'-O3'-P(i+1)
      zeta:    C3'-O3'-P(i+1)-O5'(i+1)

      chi for pyrimidines(Y): O4'-C1'-N1-C2
          chi for purines(R): O4'-C1'-N9-C4

    (The number -9999.99 means that the angle can not be calculated) 

Ch Res  Num    alpha    beta     gamma    delta  epsilon    zeta     chi
A   U 2647  -9999.99 -9999.99    41.12   148.48   -91.53    88.83  -145.68
A   G 2648   -170.50  -170.61   130.89    86.22  -139.04   -64.77  -170.36
A   C 2649    -67.06   176.68    48.25    77.20  -159.96   -64.31  -156.73
A   U 2650    132.10  -169.24  -161.07    86.39  -143.26   -70.91  -164.18
A   C 2651    -65.42   162.73    59.03    78.50  -155.98   -68.79  -163.37
A   C 2652    -68.30   179.73    54.49    79.23  -146.79   -58.60  -159.01
A   U 2653    -67.60   171.63    52.75    86.02  -105.29   -51.16  -149.77
A   A 2654   -177.47  -143.23    59.34   150.97   -87.75   154.38  -130.73
A   G 2655    -91.06    80.33  -172.05   155.88  -170.07   139.50   -88.09
A 6FU 2656    -72.26   149.49    44.35    87.99  -138.26   -67.87  -174.80
A   A 2657    -74.09  -179.90    51.72    78.82  -144.43   -53.13  -166.62
A   C 2658    -68.81   172.07    55.01    78.30  -145.29   -63.48  -164.18
A   G 2659    -70.36   177.81    50.33    79.43  -130.71   -64.13  -168.37
A   A 2660    167.89   133.60    58.24    82.49  -119.38   -79.40  -163.41
A   G 2661    -61.15   142.29    66.31    82.71  -154.82   -59.68  -160.48
A   A 2662    -72.26  -179.13    50.16    82.25  -138.81   -67.85  -152.09
A   G 2663    144.22  -137.46  -179.45    85.33  -138.29   -60.43  -173.00
A   G 2664    -65.87   174.41    57.97    78.20  -159.04   -76.57  -165.45
A   A 2665   -110.77    78.56   164.39    80.30  -150.09   -74.56   177.25
A   C 2666    -53.23   169.06    64.59    78.59  -129.24   -66.69  -167.82
A   C 2667    -63.93   161.63    56.25    82.39  -138.93   -57.59  -165.42
A   G 2668    -69.83   173.44    52.76    72.93  -145.81   -71.83  -168.56
A   G 2669    -55.62   163.94    61.60    79.10  -141.54   -78.52  -170.33
A   A 2670    -67.68   169.37    53.94    80.00  -157.23   -64.61  -163.75
A   G 2671    -73.40   171.12    66.45    76.69  -151.45   -68.46  -164.63
A   U 2672    -64.34   169.59    51.10    77.12  -150.00   -71.30  -157.29
A   G 2673    -70.17   175.99    54.60    73.48 -9999.99 -9999.99  -158.07
